// Jest Snapshot v1, https://goo.gl/fbAQLP

exports[`it renders 1`] = `
<div
  className="ui menu"
>
  <div
    className="header item"
  >
    IOT Sensor Dashboard
  </div>
  <a
    className="item"
    href="#"
  >
    Sensors
  </a>
  <a
    className="item"
    href=""
  >
    Status
  </a>
</div>
`;
